


 CLUSTAL 2.1 Multiple Sequence Alignments


Sequence format is Pearson
Sequence 1: sp|Q9H1D0|TRPV6_HUMAN      958 aa
Sequence 2: sp|Q9NQA5|TRPV5_HUMAN      958 aa
Sequence 3: sp|Q8NET8|TRPV3_HUMAN      958 aa
Sequence 4: sp|Q9HBA0|TRPV4_HUMAN      958 aa
Sequence 5: sp|Q8NER1|TRPV1_HUMAN      958 aa
Sequence 6: sp|Q9Y5S1|TRPV2_HUMAN      958 aa

           sp|Q9H1D0|TRPV6_HUMAN 
           sp|Q9NQA5|TRPV5_HUMAN 
           sp|Q8NET8|TRPV3_HUMAN 
           sp|Q9HBA0|TRPV4_HUMAN 
           sp|Q8NER1|TRPV1_HUMAN 
           sp|Q9Y5S1|TRPV2_HUMAN 
           sp|Q9NQA5|TRPV5_HUMAN 
           sp|Q8NET8|TRPV3_HUMAN 
           sp|Q9HBA0|TRPV4_HUMAN 
           sp|Q8NER1|TRPV1_HUMAN 
           sp|Q9Y5S1|TRPV2_HUMAN 
           sp|Q8NET8|TRPV3_HUMAN 
           sp|Q9HBA0|TRPV4_HUMAN 
           sp|Q8NER1|TRPV1_HUMAN 
           sp|Q9Y5S1|TRPV2_HUMAN 
           sp|Q9HBA0|TRPV4_HUMAN 
           sp|Q8NER1|TRPV1_HUMAN 
           sp|Q9Y5S1|TRPV2_HUMAN 
           sp|Q8NER1|TRPV1_HUMAN 
           sp|Q9Y5S1|TRPV2_HUMAN 
           sp|Q9Y5S1|TRPV2_HUMAN 
perc identity file created:   [simple_phylogeny-I20251008-131831-0333-40184957-p1m.pim]

Phylogenetic tree file created:   [simple_phylogeny-I20251008-131831-0333-40184957-p1m.nj]

Phylogenetic tree file created:   [simple_phylogeny-I20251008-131831-0333-40184957-p1m.ph]

